Archive member included to satisfy reference by file (symbol)

C:/ST/STM32CubeIDE_1.17.0/STM32CubeIDE/plugins/com.st.stm32cube.ide.mcu.externaltools.gnu-tools-for-stm32.12.3.rel1.win32_1.1.0.202410251130/tools/bin/../lib/gcc/arm-none-eabi/12.3.1/../../../../arm-none-eabi/lib/thumb/v7e-m+fp/hard\libc_nano.a(libc_a-exit.o)
                              C:/ST/STM32CubeIDE_1.17.0/STM32CubeIDE/plugins/com.st.stm32cube.ide.mcu.externaltools.gnu-tools-for-stm32.12.3.rel1.win32_1.1.0.202410251130/tools/bin/../lib/gcc/arm-none-eabi/12.3.1/../../../../arm-none-eabi/lib/thumb/v7e-m+fp/hard/crt0.o (exit)
C:/ST/STM32CubeIDE_1.17.0/STM32CubeIDE/plugins/com.st.stm32cube.ide.mcu.externaltools.gnu-tools-for-stm32.12.3.rel1.win32_1.1.0.202410251130/tools/bin/../lib/gcc/arm-none-eabi/12.3.1/../../../../arm-none-eabi/lib/thumb/v7e-m+fp/hard\libc_nano.a(libc_a-findfp.o)
                              C:/ST/STM32CubeIDE_1.17.0/STM32CubeIDE/plugins/com.st.stm32cube.ide.mcu.externaltools.gnu-tools-for-stm32.12.3.rel1.win32_1.1.0.202410251130/tools/bin/../lib/gcc/arm-none-eabi/12.3.1/../../../../arm-none-eabi/lib/thumb/v7e-m+fp/hard\libc_nano.a(libc_a-exit.o) (__stdio_exit_handler)
C:/ST/STM32CubeIDE_1.17.0/STM32CubeIDE/plugins/com.st.stm32cube.ide.mcu.externaltools.gnu-tools-for-stm32.12.3.rel1.win32_1.1.0.202410251130/tools/bin/../lib/gcc/arm-none-eabi/12.3.1/../../../../arm-none-eabi/lib/thumb/v7e-m+fp/hard\libc_nano.a(libc_a-fwalk.o)
                              C:/ST/STM32CubeIDE_1.17.0/STM32CubeIDE/plugins/com.st.stm32cube.ide.mcu.externaltools.gnu-tools-for-stm32.12.3.rel1.win32_1.1.0.202410251130/tools/bin/../lib/gcc/arm-none-eabi/12.3.1/../../../../arm-none-eabi/lib/thumb/v7e-m+fp/hard\libc_nano.a(libc_a-findfp.o) (_fwalk_sglue)
C:/ST/STM32CubeIDE_1.17.0/STM32CubeIDE/plugins/com.st.stm32cube.ide.mcu.externaltools.gnu-tools-for-stm32.12.3.rel1.win32_1.1.0.202410251130/tools/bin/../lib/gcc/arm-none-eabi/12.3.1/../../../../arm-none-eabi/lib/thumb/v7e-m+fp/hard\libc_nano.a(libc_a-stdio.o)
                              C:/ST/STM32CubeIDE_1.17.0/STM32CubeIDE/plugins/com.st.stm32cube.ide.mcu.externaltools.gnu-tools-for-stm32.12.3.rel1.win32_1.1.0.202410251130/tools/bin/../lib/gcc/arm-none-eabi/12.3.1/../../../../arm-none-eabi/lib/thumb/v7e-m+fp/hard\libc_nano.a(libc_a-findfp.o) (__sread)
C:/ST/STM32CubeIDE_1.17.0/STM32CubeIDE/plugins/com.st.stm32cube.ide.mcu.externaltools.gnu-tools-for-stm32.12.3.rel1.win32_1.1.0.202410251130/tools/bin/../lib/gcc/arm-none-eabi/12.3.1/../../../../arm-none-eabi/lib/thumb/v7e-m+fp/hard\libc_nano.a(libc_a-memset.o)
                              C:/ST/STM32CubeIDE_1.17.0/STM32CubeIDE/plugins/com.st.stm32cube.ide.mcu.externaltools.gnu-tools-for-stm32.12.3.rel1.win32_1.1.0.202410251130/tools/bin/../lib/gcc/arm-none-eabi/12.3.1/../../../../arm-none-eabi/lib/thumb/v7e-m+fp/hard/crt0.o (memset)
C:/ST/STM32CubeIDE_1.17.0/STM32CubeIDE/plugins/com.st.stm32cube.ide.mcu.externaltools.gnu-tools-for-stm32.12.3.rel1.win32_1.1.0.202410251130/tools/bin/../lib/gcc/arm-none-eabi/12.3.1/../../../../arm-none-eabi/lib/thumb/v7e-m+fp/hard\libc_nano.a(libc_a-closer.o)
                              C:/ST/STM32CubeIDE_1.17.0/STM32CubeIDE/plugins/com.st.stm32cube.ide.mcu.externaltools.gnu-tools-for-stm32.12.3.rel1.win32_1.1.0.202410251130/tools/bin/../lib/gcc/arm-none-eabi/12.3.1/../../../../arm-none-eabi/lib/thumb/v7e-m+fp/hard\libc_nano.a(libc_a-stdio.o) (_close_r)
C:/ST/STM32CubeIDE_1.17.0/STM32CubeIDE/plugins/com.st.stm32cube.ide.mcu.externaltools.gnu-tools-for-stm32.12.3.rel1.win32_1.1.0.202410251130/tools/bin/../lib/gcc/arm-none-eabi/12.3.1/../../../../arm-none-eabi/lib/thumb/v7e-m+fp/hard\libc_nano.a(libc_a-reent.o)
                              C:/ST/STM32CubeIDE_1.17.0/STM32CubeIDE/plugins/com.st.stm32cube.ide.mcu.externaltools.gnu-tools-for-stm32.12.3.rel1.win32_1.1.0.202410251130/tools/bin/../lib/gcc/arm-none-eabi/12.3.1/../../../../arm-none-eabi/lib/thumb/v7e-m+fp/hard\libc_nano.a(libc_a-closer.o) (errno)
C:/ST/STM32CubeIDE_1.17.0/STM32CubeIDE/plugins/com.st.stm32cube.ide.mcu.externaltools.gnu-tools-for-stm32.12.3.rel1.win32_1.1.0.202410251130/tools/bin/../lib/gcc/arm-none-eabi/12.3.1/../../../../arm-none-eabi/lib/thumb/v7e-m+fp/hard\libc_nano.a(libc_a-impure.o)
                              C:/ST/STM32CubeIDE_1.17.0/STM32CubeIDE/plugins/com.st.stm32cube.ide.mcu.externaltools.gnu-tools-for-stm32.12.3.rel1.win32_1.1.0.202410251130/tools/bin/../lib/gcc/arm-none-eabi/12.3.1/../../../../arm-none-eabi/lib/thumb/v7e-m+fp/hard\libc_nano.a(libc_a-reent.o) (_impure_ptr)
C:/ST/STM32CubeIDE_1.17.0/STM32CubeIDE/plugins/com.st.stm32cube.ide.mcu.externaltools.gnu-tools-for-stm32.12.3.rel1.win32_1.1.0.202410251130/tools/bin/../lib/gcc/arm-none-eabi/12.3.1/../../../../arm-none-eabi/lib/thumb/v7e-m+fp/hard\libc_nano.a(libc_a-lseekr.o)
[...]
Memory Configuration

Name             Origin             Length             Attributes
RAM              0x20000000         0x00020000         xrw
FLASH            0x08000000         0x00080000         xr
*default*        0x00000000         0xffffffff

Linker script and memory map

LOAD C:/ST/STM32CubeIDE_1.17.0/STM32CubeIDE/plugins/com.st.stm32cube.ide.mcu.externaltools.gnu-tools-for-stm32.12.3.rel1.win32_1.1.0.202410251130/tools/bin/../lib/gcc/arm-none-eabi/12.3.1/thumb/v7e-m+fp/hard/crti.o
LOAD C:/ST/STM32CubeIDE_1.17.0/STM32CubeIDE/plugins/com.st.stm32cube.ide.mcu.externaltools.gnu-tools-for-stm32.12.3.rel1.win32_1.1.0.202410251130/tools/bin/../lib/gcc/arm-none-eabi/12.3.1/thumb/v7e-m+fp/hard/crtbegin.o
LOAD C:/ST/STM32CubeIDE_1.17.0/STM32CubeIDE/plugins/com.st.stm32cube.ide.mcu.externaltools.gnu-tools-for-stm32.12.3.rel1.win32_1.1.0.202410251130/tools/bin/../lib/gcc/arm-none-eabi/12.3.1/../../../../arm-none-eabi/lib/thumb/v7e-m+fp/hard/crt0.o
LOAD ./Core/Src/main.o
LOAD ./Core/Src/stm32g4xx_hal_msp.o
LOAD ./Core/Src/stm32g4xx_it.o
LOAD ./Core/Src/syscalls.o
LOAD ./Core/Src/sysmem.o
LOAD ./Core/Src/system_stm32g4xx.o
LOAD ./Core/Startup/startup_stm32g474retx.o
LOAD ./Drivers/STM32G4xx_HAL_Driver/Src/stm32g4xx_hal.o
LOAD ./Drivers/STM32G4xx_HAL_Driver/Src/stm32g4xx_hal_cortex.o
LOAD ./Drivers/STM32G4xx_HAL_Driver/Src/stm32g4xx_hal_dma.o
LOAD ./Drivers/STM32G4xx_HAL_Driver/Src/stm32g4xx_hal_dma_ex.o
LOAD ./Drivers/STM32G4xx_HAL_Driver/Src/stm32g4xx_hal_exti.o
LOAD ./Drivers/STM32G4xx_HAL_Driver/Src/stm32g4xx_hal_fdcan.o
LOAD ./Drivers/STM32G4xx_HAL_Driver/Src/stm32g4xx_hal_flash.o
LOAD ./Drivers/STM32G4xx_HAL_Driver/Src/stm32g4xx_hal_flash_ex.o
LOAD ./Drivers/STM32G4xx_HAL_Driver/Src/stm32g4xx_hal_flash_ramfunc.o
LOAD ./Drivers/STM32G4xx_HAL_Driver/Src/stm32g4xx_hal_gpio.o
LOAD ./Drivers/STM32G4xx_HAL_Driver/Src/stm32g4xx_hal_pwr.o
LOAD ./Drivers/STM32G4xx_HAL_Driver/Src/stm32g4xx_hal_pwr_ex.o
LOAD ./Drivers/STM32G4xx_HAL_Driver/Src/stm32g4xx_hal_rcc.o
LOAD ./Drivers/STM32G4xx_HAL_Driver/Src/stm32g4xx_hal_rcc_ex.o
START GROUP
LOAD C:/ST/STM32CubeIDE_1.17.0/STM32CubeIDE/plugins/com.st.stm32cube.ide.mcu.externaltools.gnu-tools-for-stm32.12.3.rel1.win32_1.1.0.202410251130/tools/bin/../lib/gcc/arm-none-eabi/12.3.1/../../../../arm-none-eabi/lib/thumb/v7e-m+fp/hard\libc_nano.a
LOAD C:/ST/STM32CubeIDE_1.17.0/STM32CubeIDE/plugins/com.st.stm32cube.ide.mcu.externaltools.gnu-tools-for-stm32.12.3.rel1.win32_1.1.0.202410251130/tools/bin/../lib/gcc/arm-none-eabi/12.3.1/../../../../arm-none-eabi/lib/thumb/v7e-m+fp/hard\libm.a
END GROUP
START GROUP
LOAD C:/ST/STM32CubeIDE_1.17.0/STM32CubeIDE/plugins/com.st.stm32cube.ide.mcu.externaltools.gnu-tools-for-stm32.12.3.rel1.win32_1.1.0.202410251130/tools/bin/../lib/gcc/arm-none-eabi/12.3.1/thumb/v7e-m+fp/hard\libgcc.a
LOAD C:/ST/STM32CubeIDE_1.17.0/STM32CubeIDE/plugins/com.st.stm32cube.ide.mcu.externaltools.gnu-tools-for-stm32.12.3.rel1.win32_1.1.0.202410251130/tools/bin/../lib/gcc/arm-none-eabi/12.3.1/../../../../arm-none-eabi/lib/thumb/v7e-m+fp/hard\libc_nano.a
END GROUP
START GROUP
LOAD C:/ST/STM32CubeIDE_1.17.0/STM32CubeIDE/plugins/com.st.stm32cube.ide.mcu.externaltools.gnu-tools-for-stm32.12.3.rel1.win32_1.1.0.202410251130/tools/bin/../lib/gcc/arm-none-eabi/12.3.1/thumb/v7e-m+fp/hard\libgcc.a
LOAD C:/ST/STM32CubeIDE_1.17.0/STM32CubeIDE/plugins/com.st.stm32cube.ide.mcu.externaltools.gnu-tools-for-stm32.12.3.rel1.win32_1.1.0.202410251130/tools/bin/../lib/gcc/arm-none-eabi/12.3.1/../../../../arm-none-eabi/lib/thumb/v7e-m+fp/hard\libc_nano.a
LOAD C:/ST/STM32CubeIDE_1.17.0/STM32CubeIDE/plugins/com.st.stm32cube.ide.mcu.externaltools.gnu-tools-for-stm32.12.3.rel1.win32_1.1.0.202410251130/tools/bin/../lib/gcc/arm-none-eabi/12.3.1/../../../../arm-none-eabi/lib/thumb/v7e-m+fp/hard\libnosys.a
END GROUP
START GROUP
LOAD C:/ST/STM32CubeIDE_1.17.0/STM32CubeIDE/plugins/com.st.stm32cube.ide.mcu.externaltools.gnu-tools-for-stm32.12.3.rel1.win32_1.1.0.202410251130/tools/bin/../lib/gcc/arm-none-eabi/12.3.1/thumb/v7e-m+fp/hard\libgcc.a
LOAD C:/ST/STM32CubeIDE_1.17.0/STM32CubeIDE/plugins/com.st.stm32cube.ide.mcu.externaltools.gnu-tools-for-stm32.12.3.rel1.win32_1.1.0.202410251130/tools/bin/../lib/gcc/arm-none-eabi/12.3.1/../../../../arm-none-eabi/lib/thumb/v7e-m+fp/hard\libc_nano.a
LOAD C:/ST/STM32CubeIDE_1.17.0/STM32CubeIDE/plugins/com.st.stm32cube.ide.mcu.externaltools.gnu-tools-for-stm32.12.3.rel1.win32_1.1.0.202410251130/tools/bin/../lib/gcc/arm-none-eabi/12.3.1/../../../../arm-none-eabi/lib/thumb/v7e-m+fp/hard\libnosys.a
END GROUP
LOAD C:/ST/STM32CubeIDE_1.17.0/STM32CubeIDE/plugins/com.st.stm32cube.ide.mcu.externaltools.gnu-tools-for-stm32.12.3.rel1.win32_1.1.0.202410251130/tools/bin/../lib/gcc/arm-none-eabi/12.3.1/thumb/v7e-m+fp/hard/crtend.o
LOAD C:/ST/STM32CubeIDE_1.17.0/STM32CubeIDE/plugins/com.st.stm32cube.ide.mcu.externaltools.gnu-tools-for-stm32.12.3.rel1.win32_1.1.0.202410251130/tools/bin/../lib/gcc/arm-none-eabi/12.3.1/thumb/v7e-m+fp/hard/crtn.o
                0x20020000                        _estack = (ORIGIN (RAM) + LENGTH (RAM))
                0x00000200                        _Min_Heap_Size = 0x200
                0x00000400                        _Min_Stack_Size = 0x400

.isr_vector     0x08000000      0x1d8
                0x08000000                        . = ALIGN (0x4)
 *(.isr_vector)
 .isr_vector    0x08000000      0x1d8 ./Core/Startup/startup_stm32g474retx.o
                0x08000000                g_pfnVectors
                0x080001d8                        . = ALIGN (0x4)

.text           0x080001d8     0x2868
                0x080001d8                        . = ALIGN (0x4)
 *(.text)
 .text          0x080001d8       0x40 C:/ST/STM32CubeIDE_1.17.0/STM32CubeIDE/plugins/com.st.stm32cube.ide.mcu.externaltools.gnu-tools-for-stm32.12.3.rel1.win32_1.1.0.202410251130/tools/bin/../lib/gcc/arm-none-eabi/12.3.1/thumb/v7e-m+fp/hard/crtbegin.o
 *(.text*)
 .text.HAL_FDCAN_RxFifo0Callback
                0x08000218       0x40 ./Core/Src/main.o
                0x08000218                HAL_FDCAN_RxFifo0Callback
 .text.main     0x08000258       0x80 ./Core/Src/main.o
                0x08000258                main
 .text.SystemClock_Config
                0x080002d8       0x80 ./Core/Src/main.o
                0x080002d8                SystemClock_Config
 .text.MX_FDCAN1_Init
                0x08000358      0x104 ./Core/Src/main.o
 .text.MX_GPIO_Init
                0x0800045c       0x30 ./Core/Src/main.o
 .text.Error_Handler
                0x0800048c        0xc ./Core/Src/main.o
                0x0800048c                Error_Handler
 .text.HAL_MspInit
                0x08000498       0x48 ./Core/Src/stm32g4xx_hal_msp.o
                0x08000498                HAL_MspInit
 .text.HAL_FDCAN_MspInit
                0x080004e0       0xc4 ./Core/Src/stm32g4xx_hal_msp.o
                0x080004e0                HAL_FDCAN_MspInit
 .text.NMI_Handler
                0x080005a4        0x8 ./Core/Src/stm32g4xx_it.o
                0x080005a4                NMI_Handler
 .text.HardFault_Handler
                0x080005ac        0x8 ./Core/Src/stm32g4xx_it.o
                0x080005ac                HardFault_Handler
 .text.MemManage_Handler
                0x080005b4        0x8 ./Core/Src/stm32g4xx_it.o
                0x080005b4                MemManage_Handler
 .text.BusFault_Handler
                0x080005bc        0x8 ./Core/Src/stm32g4xx_it.o
                0x080005bc                BusFault_Handler
 .text.UsageFault_Handler
                0x080005c4        0x8 ./Core/Src/stm32g4xx_it.o
                0x080005c4                UsageFault_Handler
 .text.SVC_Handler
                0x080005cc        0xe ./Core/Src/stm32g4xx_it.o
                0x080005cc                SVC_Handler
 .text.DebugMon_Handler
                0x080005da        0xe ./Core/Src/stm32g4xx_it.o
                0x080005da                DebugMon_Handler
 .text.PendSV_Handler
                0x080005e8        0xe ./Core/Src/stm32g4xx_it.o
                0x080005e8                PendSV_Handler
 .text.SysTick_Handler
                0x080005f6        0xc ./Core/Src/stm32g4xx_it.o
                0x080005f6                SysTick_Handler
 *fill*         0x08000602        0x2 
 .text.FDCAN1_IT0_IRQHandler
                0x08000604       0x14 ./Core/Src/stm32g4xx_it.o
                0x08000604                FDCAN1_IT0_IRQHandler
 .text.SystemInit
                0x08000618       0x24 ./Core/Src/system_stm32g4xx.o
                0x08000618                SystemInit
 .text.Reset_Handler
                0x0800063c       0x50 ./Core/Startup/startup_stm32g474retx.o
                0x0800063c                Reset_Handler
 .text.Default_Handler
                0x0800068c        0x2 ./Core/Startup/startup_stm32g474retx.o
                0x0800068c                RTC_Alarm_IRQHandler
                0x0800068c                EXTI2_IRQHandler
                0x0800068c                TIM8_TRG_COM_IRQHandler
                0x0800068c                TIM8_CC_IRQHandler
                0x0800068c                HRTIM1_Master_IRQHandler
                0x0800068c                SPI4_IRQHandler
                0x0800068c                FDCAN3_IT0_IRQHandler
                0x0800068c                TIM1_CC_IRQHandler
                0x0800068c                HRTIM1_FLT_IRQHandler
                0x0800068c                HRTIM1_TIMF_IRQHandler
                0x0800068c                USB_HP_IRQHandler
                0x0800068c                CORDIC_IRQHandler
                0x0800068c                HRTIM1_TIMD_IRQHandler
                0x0800068c                DMA2_Channel8_IRQHandler
                0x0800068c                EXTI3_IRQHandler
                0x0800068c                I2C3_ER_IRQHandler
                0x0800068c                EXTI0_IRQHandler
                0x0800068c                I2C2_EV_IRQHandler
                0x0800068c                FPU_IRQHandler
                0x0800068c                FDCAN1_IT1_IRQHandler
                0x0800068c                TIM1_UP_TIM16_IRQHandler
                0x0800068c                ADC1_2_IRQHandler
                0x0800068c                HRTIM1_TIME_IRQHandler
                0x0800068c                SPI1_IRQHandler
                0x0800068c                TIM6_DAC_IRQHandler
                0x0800068c                HRTIM1_TIMC_IRQHandler
                0x0800068c                TIM8_UP_IRQHandler
                0x0800068c                DMA2_Channel2_IRQHandler
                0x0800068c                DMA1_Channel4_IRQHandler
                0x0800068c                TIM20_TRG_COM_IRQHandler
                0x0800068c                USART3_IRQHandler
                0x0800068c                DMA1_Channel7_IRQHandler
                0x0800068c                UART5_IRQHandler
                0x0800068c                ADC3_IRQHandler
                0x0800068c                TIM4_IRQHandler
                0x0800068c                DMA2_Channel1_IRQHandler
                0x0800068c                QUADSPI_IRQHandler
                0x0800068c                I2C1_EV_IRQHandler
                0x0800068c                DMA1_Channel6_IRQHandler
                0x0800068c                UART4_IRQHandler
                0x0800068c                DMA2_Channel4_IRQHandler
                0x0800068c                TIM3_IRQHandler
                0x0800068c                RCC_IRQHandler
                0x0800068c                TIM20_UP_IRQHandler
                0x0800068c                DMA1_Channel1_IRQHandler
                0x0800068c                Default_Handler
                0x0800068c                DMA2_Channel7_IRQHandler
                0x0800068c                RTC_TAMP_LSECSS_IRQHandler
                0x0800068c                FMAC_IRQHandler
                0x0800068c                EXTI15_10_IRQHandler
                0x0800068c                DMA1_Channel8_IRQHandler
                0x0800068c                HRTIM1_TIMA_IRQHandler
                0x0800068c                TIM7_DAC_IRQHandler
                0x0800068c                FDCAN3_IT1_IRQHandler
                0x0800068c                TIM5_IRQHandler
                0x0800068c                UCPD1_IRQHandler
                0x0800068c                I2C3_EV_IRQHandler
                0x0800068c                EXTI9_5_IRQHandler
                0x0800068c                RTC_WKUP_IRQHandler
                0x0800068c                PVD_PVM_IRQHandler
                0x0800068c                SPI2_IRQHandler
                0x0800068c                ADC5_IRQHandler
                0x0800068c                DMA2_Channel5_IRQHandler
                0x0800068c                CRS_IRQHandler
                0x0800068c                DMA1_Channel5_IRQHandler
                0x0800068c                USB_LP_IRQHandler
                0x0800068c                EXTI4_IRQHandler
                0x0800068c                RNG_IRQHandler
                0x0800068c                HRTIM1_TIMB_IRQHandler
                0x0800068c                TIM1_TRG_COM_TIM17_IRQHandler
                0x0800068c                FDCAN2_IT1_IRQHandler
                0x0800068c                DMA1_Channel3_IRQHandler
                0x0800068c                ADC4_IRQHandler
                0x0800068c                WWDG_IRQHandler
                0x0800068c                I2C4_EV_IRQHandler
                0x0800068c                FDCAN2_IT0_IRQHandler
                0x0800068c                LPUART1_IRQHandler
                0x0800068c                DMA2_Channel6_IRQHandler
                0x0800068c                TIM2_IRQHandler
                0x0800068c                COMP7_IRQHandler
                0x0800068c                COMP1_2_3_IRQHandler
                0x0800068c                EXTI1_IRQHandler
                0x0800068c                USART2_IRQHandler
                0x0800068c                COMP4_5_6_IRQHandler
                0x0800068c                TIM20_BRK_IRQHandler
                0x0800068c                I2C2_ER_IRQHandler
                0x0800068c                DMA1_Channel2_IRQHandler
                0x0800068c                TIM8_BRK_IRQHandler
                0x0800068c                FLASH_IRQHandler
                0x0800068c                TIM20_CC_IRQHandler
                0x0800068c                USART1_IRQHandler
                0x0800068c                SPI3_IRQHandler
                0x0800068c                I2C1_ER_IRQHandler
                0x0800068c                FMC_IRQHandler
                0x0800068c                LPTIM1_IRQHandler
                0x0800068c                DMAMUX_OVR_IRQHandler
                0x0800068c                I2C4_ER_IRQHandler
                0x0800068c                USBWakeUp_IRQHandler
                0x0800068c                SAI1_IRQHandler
                0x0800068c                DMA2_Channel3_IRQHandler
                0x0800068c                TIM1_BRK_TIM15_IRQHandler
 .text.HAL_Init
                0x0800068e       0x30 ./Drivers/STM32G4xx_HAL_Driver/Src/stm32g4xx_hal.o
                0x0800068e                HAL_Init
 *fill*         0x080006be        0x2 
 .text.HAL_InitTick
                0x080006c0       0x74 ./Drivers/STM32G4xx_HAL_Driver/Src/stm32g4xx_hal.o
                0x080006c0                HAL_InitTick
 .text.HAL_IncTick
                0x08000734       0x24 ./Drivers/STM32G4xx_HAL_Driver/Src/stm32g4xx_hal.o
                0x08000734                HAL_IncTick
 .text.HAL_GetTick
                0x08000758       0x18 ./Drivers/STM32G4xx_HAL_Driver/Src/stm32g4xx_hal.o
                0x08000758                HAL_GetTick
 .text.HAL_Delay
                0x08000770       0x44 ./Drivers/STM32G4xx_HAL_Driver/Src/stm32g4xx_hal.o
                0x08000770                HAL_Delay
 .text.__NVIC_SetPriorityGrouping
                0x080007b4       0x48 ./Drivers/STM32G4xx_HAL_Driver/Src/stm32g4xx_hal_cortex.o
 .text.__NVIC_GetPriorityGrouping
                0x080007fc       0x1c ./Drivers/STM32G4xx_HAL_Driver/Src/stm32g4xx_hal_cortex.o
 .text.__NVIC_EnableIRQ
                0x08000818       0x3c ./Drivers/STM32G4xx_HAL_Driver/Src/stm32g4xx_hal_cortex.o
 .text.__NVIC_SetPriority
                0x08000854       0x54 ./Drivers/STM32G4xx_HAL_Driver/Src/stm32g4xx_hal_cortex.o
 .text.NVIC_EncodePriority
                0x080008a8       0x66 ./Drivers/STM32G4xx_HAL_Driver/Src/stm32g4xx_hal_cortex.o
 *fill*         0x0800090e        0x2 
 .text.SysTick_Config
                0x08000910       0x44 ./Drivers/STM32G4xx_HAL_Driver/Src/stm32g4xx_hal_cortex.o
 .text.HAL_NVIC_SetPriorityGrouping
                0x08000954       0x16 ./Drivers/STM32G4xx_HAL_Driver/Src/stm32g4xx_hal_cortex.o
                0x08000954                HAL_NVIC_SetPriorityGrouping
 .text.HAL_NVIC_SetPriority
                0x0800096a       0x34 ./Drivers/STM32G4xx_HAL_Driver/Src/stm32g4xx_hal_cortex.o
                0x0800096a                HAL_NVIC_SetPriority
 .text.HAL_NVIC_EnableIRQ
                0x0800099e       0x1c ./Drivers/STM32G4xx_HAL_Driver/Src/stm32g4xx_hal_cortex.o
                0x0800099e                HAL_NVIC_EnableIRQ
 .text.HAL_SYSTICK_Config
                0x080009ba       0x18 ./Drivers/STM32G4xx_HAL_Driver/Src/stm32g4xx_hal_cortex.o
                0x080009ba                HAL_SYSTICK_Config
 *fill*         0x080009d2        0x2 
 .text.HAL_FDCAN_Init
                0x080009d4      0x2b4 ./Drivers/STM32G4xx_HAL_Driver/Src/stm32g4xx_hal_fdcan.o
                0x080009d4                HAL_FDCAN_Init
 .text.HAL_FDCAN_ConfigFilter
                0x08000c88       0xb4 ./Drivers/STM32G4xx_HAL_Driver/Src/stm32g4xx_hal_fdcan.o
                0x08000c88                HAL_FDCAN_ConfigFilter
 .text.HAL_FDCAN_Start
                0x08000d3c       0x50 ./Drivers/STM32G4xx_HAL_Driver/Src/stm32g4xx_hal_fdcan.o
                0x08000d3c                HAL_FDCAN_Start
 .text.HAL_FDCAN_AddMessageToTxFifoQ
                0x08000d8c       0x88 ./Drivers/STM32G4xx_HAL_Driver/Src/stm32g4xx_hal_fdcan.o
                0x08000d8c                HAL_FDCAN_AddMessageToTxFifoQ
 .text.HAL_FDCAN_GetRxMessage
                0x08000e14      0x210 ./Drivers/STM32G4xx_HAL_Driver/Src/stm32g4xx_hal_fdcan.o
                0x08000e14                HAL_FDCAN_GetRxMessage
 .text.HAL_FDCAN_ActivateNotification
                0x08001024      0x1cc ./Drivers/STM32G4xx_HAL_Driver/Src/stm32g4xx_hal_fdcan.o
                0x08001024                HAL_FDCAN_ActivateNotification
 .text.HAL_FDCAN_IRQHandler
                0x080011f0      0x24a ./Drivers/STM32G4xx_HAL_Driver/Src/stm32g4xx_hal_fdcan.o
                0x080011f0                HAL_FDCAN_IRQHandler
 .text.HAL_FDCAN_TxEventFifoCallback
                0x0800143a       0x16 ./Drivers/STM32G4xx_HAL_Driver/Src/stm32g4xx_hal_fdcan.o
                0x0800143a                HAL_FDCAN_TxEventFifoCallback
 .text.HAL_FDCAN_RxFifo1Callback
                0x08001450       0x16 ./Drivers/STM32G4xx_HAL_Driver/Src/stm32g4xx_hal_fdcan.o
                0x08001450                HAL_FDCAN_RxFifo1Callback
 .text.HAL_FDCAN_TxFifoEmptyCallback
                0x08001466       0x14 ./Drivers/STM32G4xx_HAL_Driver/Src/stm32g4xx_hal_fdcan.o
                0x08001466                HAL_FDCAN_TxFifoEmptyCallback
 .text.HAL_FDCAN_TxBufferCompleteCallback
                0x0800147a       0x16 ./Drivers/STM32G4xx_HAL_Driver/Src/stm32g4xx_hal_fdcan.o
                0x0800147a                HAL_FDCAN_TxBufferCompleteCallback
 .text.HAL_FDCAN_TxBufferAbortCallback
                0x08001490       0x16 ./Drivers/STM32G4xx_HAL_Driver/Src/stm32g4xx_hal_fdcan.o
                0x08001490                HAL_FDCAN_TxBufferAbortCallback
 .text.HAL_FDCAN_TimestampWraparoundCallback
                0x080014a6       0x14 ./Drivers/STM32G4xx_HAL_Driver/Src/stm32g4xx_hal_fdcan.o
                0x080014a6                HAL_FDCAN_TimestampWraparoundCallback
 .text.HAL_FDCAN_TimeoutOccurredCallback
                0x080014ba       0x14 ./Drivers/STM32G4xx_HAL_Driver/Src/stm32g4xx_hal_fdcan.o
                0x080014ba                HAL_FDCAN_TimeoutOccurredCallback
 .text.HAL_FDCAN_HighPriorityMessageCallback
                0x080014ce       0x14 ./Drivers/STM32G4xx_HAL_Driver/Src/stm32g4xx_hal_fdcan.o
                0x080014ce                HAL_FDCAN_HighPriorityMessageCallback
 .text.HAL_FDCAN_ErrorCallback
                0x080014e2       0x14 ./Drivers/STM32G4xx_HAL_Driver/Src/stm32g4xx_hal_fdcan.o
                0x080014e2                HAL_FDCAN_ErrorCallback
 .text.HAL_FDCAN_ErrorStatusCallback
                0x080014f6       0x16 ./Drivers/STM32G4xx_HAL_Driver/Src/stm32g4xx_hal_fdcan.o
                0x080014f6                HAL_FDCAN_ErrorStatusCallback
 .text.FDCAN_CalcultateRamBlockAddresses
                0x0800150c       0xd8 ./Drivers/STM32G4xx_HAL_Driver/Src/stm32g4xx_hal_fdcan.o
 .text.FDCAN_CopyMessageToRAM
                0x080015e4       0xf8 ./Drivers/STM32G4xx_HAL_Driver/Src/stm32g4xx_hal_fdcan.o
 .text.HAL_GPIO_Init
                0x080016dc      0x304 ./Drivers/STM32G4xx_HAL_Driver/Src/stm32g4xx_hal_gpio.o
                0x080016dc                HAL_GPIO_Init
 .text.HAL_PWREx_ControlVoltageScaling
                0x080019e0      0x148 ./Drivers/STM32G4xx_HAL_Driver/Src/stm32g4xx_hal_pwr_ex.o
                0x080019e0                HAL_PWREx_ControlVoltageScaling
 .text.HAL_PWREx_DisableUCPDDeadBattery
                0x08001b28       0x20 ./Drivers/STM32G4xx_HAL_Driver/Src/stm32g4xx_hal_pwr_ex.o
                0x08001b28                HAL_PWREx_DisableUCPDDeadBattery
 .text.HAL_RCC_OscConfig
                0x08001b48      0x624 ./Drivers/STM32G4xx_HAL_Driver/Src/stm32g4xx_hal_rcc.o
                0x08001b48                HAL_RCC_OscConfig
 .text.HAL_RCC_ClockConfig
                0x0800216c      0x278 ./Drivers/STM32G4xx_HAL_Driver/Src/stm32g4xx_hal_rcc.o
                0x0800216c                HAL_RCC_ClockConfig
 .text.HAL_RCC_GetSysClockFreq
                0x080023e4       0xc4 ./Drivers/STM32G4xx_HAL_Driver/Src/stm32g4xx_hal_rcc.o
                0x080023e4                HAL_RCC_GetSysClockFreq
 .text.RCC_GetSysClockFreqFromPLLSource
                0x080024a8       0x8c ./Drivers/STM32G4xx_HAL_Driver/Src/stm32g4xx_hal_rcc.o
 .text.HAL_RCCEx_PeriphCLKConfig
                0x08002534      0x49c ./Drivers/STM32G4xx_HAL_Driver/Src/stm32g4xx_hal_rcc_ex.o
                0x08002534                HAL_RCCEx_PeriphCLKConfig
 .text.memset   0x080029d0       0x10 C:/ST/STM32CubeIDE_1.17.0/STM32CubeIDE/plugins/com.st.stm32cube.ide.mcu.externaltools.gnu-tools-for-stm32.12.3.rel1.win32_1.1.0.202410251130/tools/bin/../lib/gcc/arm-none-eabi/12.3.1/../../../../arm-none-eabi/lib/thumb/v7e-m+fp/hard\libc_nano.a(libc_a-memset.o)
                0x080029d0                memset
 .text.__libc_init_array
                0x080029e0       0x48 C:/ST/STM32CubeIDE_1.17.0/STM32CubeIDE/plugins/com.st.stm32cube.ide.mcu.externaltools.gnu-tools-for-stm32.12.3.rel1.win32_1.1.0.202410251130/tools/bin/../lib/gcc/arm-none-eabi/12.3.1/../../../../arm-none-eabi/lib/thumb/v7e-m+fp/hard\libc_nano.a(libc_a-init.o)
                0x080029e0                __libc_init_array
 *(.glue_7)
 .glue_7        0x08002a28        0x0 linker stubs
 *(.glue_7t)
 .glue_7t       0x08002a28        0x0 linker stubs
 *(.eh_frame)
 .eh_frame      0x08002a28        0x0 C:/ST/STM32CubeIDE_1.17.0/STM32CubeIDE/plugins/com.st.stm32cube.ide.mcu.externaltools.gnu-tools-for-stm32.12.3.rel1.win32_1.1.0.202410251130/tools/bin/../lib/gcc/arm-none-eabi/12.3.1/thumb/v7e-m+fp/hard/crtbegin.o
 *(.init)
 .init          0x08002a28        0x4 C:/ST/STM32CubeIDE_1.17.0/STM32CubeIDE/plugins/com.st.stm32cube.ide.mcu.externaltools.gnu-tools-for-stm32.12.3.rel1.win32_1.1.0.202410251130/tools/bin/../lib/gcc/arm-none-eabi/12.3.1/thumb/v7e-m+fp/hard/crti.o
                0x08002a28                _init
 .init          0x08002a2c        0x8 C:/ST/STM32CubeIDE_1.17.0/STM32CubeIDE/plugins/com.st.stm32cube.ide.mcu.externaltools.gnu-tools-for-stm32.12.3.rel1.win32_1.1.0.202410251130/tools/bin/../lib/gcc/arm-none-eabi/12.3.1/thumb/v7e-m+fp/hard/crtn.o
 *(.fini)
 .fini          0x08002a34        0x4 C:/ST/STM32CubeIDE_1.17.0/STM32CubeIDE/plugins/com.st.stm32cube.ide.mcu.externaltools.gnu-tools-for-stm32.12.3.rel1.win32_1.1.0.202410251130/tools/bin/../lib/gcc/arm-none-eabi/12.3.1/thumb/v7e-m+fp/hard/crti.o
                0x08002a34                _fini
 .fini          0x08002a38        0x8 C:/ST/STM32CubeIDE_1.17.0/STM32CubeIDE/plugins/com.st.stm32cube.ide.mcu.externaltools.gnu-tools-for-stm32.12.3.rel1.win32_1.1.0.202410251130/tools/bin/../lib/gcc/arm-none-eabi/12.3.1/thumb/v7e-m+fp/hard/crtn.o
                0x08002a40                        . = ALIGN (0x4)
                0x08002a40                        _etext = .

.vfp11_veneer   0x08002a40        0x0
 .vfp11_veneer  0x08002a40        0x0 linker stubs

.v4_bx          0x08002a40        0x0
 .v4_bx         0x08002a40        0x0 linker stubs

.iplt           0x08002a40        0x0
 .iplt          0x08002a40        0x0 C:/ST/STM32CubeIDE_1.17.0/STM32CubeIDE/plugins/com.st.stm32cube.ide.mcu.externaltools.gnu-tools-for-stm32.12.3.rel1.win32_1.1.0.202410251130/tools/bin/../lib/gcc/arm-none-eabi/12.3.1/thumb/v7e-m+fp/hard/crtbegin.o

.rodata         0x08002a40       0x20
                0x08002a40                        . = ALIGN (0x4)
 *(.rodata)
 *(.rodata*)
 .rodata.AHBPrescTable
                0x08002a40       0x10 ./Core/Src/system_stm32g4xx.o
                0x08002a40                AHBPrescTable
 .rodata.DLCtoBytes
                0x08002a50       0x10 ./Drivers/STM32G4xx_HAL_Driver/Src/stm32g4xx_hal_fdcan.o
                0x08002a60                        . = ALIGN (0x4)

.ARM.extab      0x08002a60        0x0
                0x08002a60                        . = ALIGN (0x4)
 *(.ARM.extab* .gnu.linkonce.armextab.*)
                0x08002a60                        . = ALIGN (0x4)

.ARM            0x08002a60        0x0
                0x08002a60                        . = ALIGN (0x4)
                0x08002a60                        __exidx_start = .
 *(.ARM.exidx*)
                0x08002a60                        __exidx_end = .
                0x08002a60                        . = ALIGN (0x4)

.preinit_array  0x08002a60        0x0
                0x08002a60                        . = ALIGN (0x4)
                0x08002a60                        PROVIDE (__preinit_array_start = .)
 *(.preinit_array*)
                0x08002a60                        PROVIDE (__preinit_array_end = .)
                0x08002a60                        . = ALIGN (0x4)

.init_array     0x08002a60        0x4
                0x08002a60                        . = ALIGN (0x4)
                0x08002a60                        PROVIDE (__init_array_start = .)
 *(SORT_BY_NAME(.init_array.*))
 *(.init_array*)
 .init_array    0x08002a60        0x4 C:/ST/STM32CubeIDE_1.17.0/STM32CubeIDE/plugins/com.st.stm32cube.ide.mcu.externaltools.gnu-tools-for-stm32.12.3.rel1.win32_1.1.0.202410251130/tools/bin/../lib/gcc/arm-none-eabi/12.3.1/thumb/v7e-m+fp/hard/crtbegin.o
                0x08002a64                        PROVIDE (__init_array_end = .)
                0x08002a64                        . = ALIGN (0x4)

.fini_array     0x08002a64        0x4
                0x08002a64                        . = ALIGN (0x4)
                [!provide]                        PROVIDE (__fini_array_start = .)
 *(SORT_BY_NAME(.fini_array.*))
 *(.fini_array*)
 .fini_array    0x08002a64        0x4 C:/ST/STM32CubeIDE_1.17.0/STM32CubeIDE/plugins/com.st.stm32cube.ide.mcu.externaltools.gnu-tools-for-stm32.12.3.rel1.win32_1.1.0.202410251130/tools/bin/../lib/gcc/arm-none-eabi/12.3.1/thumb/v7e-m+fp/hard/crtbegin.o
                [!provide]                        PROVIDE (__fini_array_end = .)
                0x08002a68                        . = ALIGN (0x4)
                0x08002a68                        _sidata = LOADADDR (.data)

.rel.dyn        0x08002a68        0x0
 .rel.iplt      0x08002a68        0x0 C:/ST/STM32CubeIDE_1.17.0/STM32CubeIDE/plugins/com.st.stm32cube.ide.mcu.externaltools.gnu-tools-for-stm32.12.3.rel1.win32_1.1.0.202410251130/tools/bin/../lib/gcc/arm-none-eabi/12.3.1/thumb/v7e-m+fp/hard/crtbegin.o

.data           0x20000000        0xc load address 0x08002a68
                0x20000000                        . = ALIGN (0x4)
                0x20000000                        _sdata = .
 *(.data)
 *(.data*)
 .data.SystemCoreClock
                0x20000000        0x4 ./Core/Src/system_stm32g4xx.o
                0x20000000                SystemCoreClock
 .data.uwTickPrio
                0x20000004        0x4 ./Drivers/STM32G4xx_HAL_Driver/Src/stm32g4xx_hal.o
                0x20000004                uwTickPrio
 .data.uwTickFreq
                0x20000008        0x4 ./Drivers/STM32G4xx_HAL_Driver/Src/stm32g4xx_hal.o
                0x20000008                uwTickFreq
 *(.RamFunc)
 *(.RamFunc*)
                0x2000000c                        . = ALIGN (0x4)
                0x2000000c                        _edata = .

.igot.plt       0x2000000c        0x0 load address 0x08002a74
 .igot.plt      0x2000000c        0x0 C:/ST/STM32CubeIDE_1.17.0/STM32CubeIDE/plugins/com.st.stm32cube.ide.mcu.externaltools.gnu-tools-for-stm32.12.3.rel1.win32_1.1.0.202410251130/tools/bin/../lib/gcc/arm-none-eabi/12.3.1/thumb/v7e-m+fp/hard/crtbegin.o
                0x2000000c                        . = ALIGN (0x4)

.bss            0x2000000c       0xe4 load address 0x08002a74
                0x2000000c                        _sbss = .
                0x2000000c                        __bss_start__ = _sbss
 *(.bss)
 .bss           0x2000000c       0x1c C:/ST/STM32CubeIDE_1.17.0/STM32CubeIDE/plugins/com.st.stm32cube.ide.mcu.externaltools.gnu-tools-for-stm32.12.3.rel1.win32_1.1.0.202410251130/tools/bin/../lib/gcc/arm-none-eabi/12.3.1/thumb/v7e-m+fp/hard/crtbegin.o
 *(.bss*)
 .bss.hfdcan1   0x20000028       0x64 ./Core/Src/main.o
                0x20000028                hfdcan1
 .bss.TxHeader  0x2000008c       0x24 ./Core/Src/main.o
                0x2000008c                TxHeader
 .bss.RxHeader  0x200000b0       0x28 ./Core/Src/main.o
                0x200000b0                RxHeader
 .bss.TxData    0x200000d8        0x8 ./Core/Src/main.o
                0x200000d8                TxData
 .bss.RxData    0x200000e0        0x8 ./Core/Src/main.o
                0x200000e0                RxData
 .bss.intg      0x200000e8        0x1 ./Core/Src/main.o
                0x200000e8                intg
 *fill*         0x200000e9        0x3 
 .bss.uwTick    0x200000ec        0x4 ./Drivers/STM32G4xx_HAL_Driver/Src/stm32g4xx_hal.o
                0x200000ec                uwTick
 *(COMMON)
                0x200000f0                        . = ALIGN (0x4)
                0x200000f0                        _ebss = .
                0x200000f0                        __bss_end__ = _ebss

._user_heap_stack
                0x200000f0      0x600 load address 0x08002a74
                0x200000f0                        . = ALIGN (0x8)
                [!provide]                        PROVIDE (end = .)
                0x200000f0                        PROVIDE (_end = .)
                0x200002f0                        . = (. + _Min_Heap_Size)
 *fill*         0x200000f0      0x200 
                0x200006f0                        . = (. + _Min_Stack_Size)
 *fill*         0x200002f0      0x400 
                0x200006f0                        . = ALIGN (0x8)

/DISCARD/
 libc.a(*)
 libm.a(*)
 libgcc.a(*)

.ARM.attributes
                0x00000000       0x30
 *(.ARM.attributes)
 .ARM.attributes
                0x00000000       0x22 C:/ST/STM32CubeIDE_1.17.0/STM32CubeIDE/plugins/com.st.stm32cube.ide.mcu.externaltools.gnu-tools-for-stm32.12.3.rel1.win32_1.1.0.202410251130/tools/bin/../lib/gcc/arm-none-eabi/12.3.1/thumb/v7e-m+fp/hard/crti.o
 .ARM.attributes
                0x00000022       0x34 C:/ST/STM32CubeIDE_1.17.0/STM32CubeIDE/plugins/com.st.stm32cube.ide.mcu.externaltools.gnu-tools-for-stm32.12.3.rel1.win32_1.1.0.202410251130/tools/bin/../lib/gcc/arm-none-eabi/12.3.1/thumb/v7e-m+fp/hard/crtbegin.o
 .ARM.attributes
                0x00000056       0x34 ./Core/Src/main.o
 .ARM.attributes
                0x0000008a       0x34 ./Core/Src/stm32g4xx_hal_msp.o
 .ARM.attributes
                0x000000be       0x34 ./Core/Src/stm32g4xx_it.o
 .ARM.attributes
                0x000000f2       0x34 ./Core/Src/system_stm32g4xx.o
 .ARM.attributes
                0x00000126       0x21 ./Core/Startup/startup_stm32g474retx.o
 .ARM.attributes
                0x00000147       0x34 ./Drivers/STM32G4xx_HAL_Driver/Src/stm32g4xx_hal.o
 .ARM.attributes
                0x0000017b       0x34 ./Drivers/STM32G4xx_HAL_Driver/Src/stm32g4xx_hal_cortex.o
 .ARM.attributes
                0x000001af       0x34 ./Drivers/STM32G4xx_HAL_Driver/Src/stm32g4xx_hal_fdcan.o
 .ARM.attributes
                0x000001e3       0x34 ./Drivers/STM32G4xx_HAL_Driver/Src/stm32g4xx_hal_gpio.o
 .ARM.attributes
                0x00000217       0x34 ./Drivers/STM32G4xx_HAL_Driver/Src/stm32g4xx_hal_pwr_ex.o
 .ARM.attributes
                0x0000024b       0x34 ./Drivers/STM32G4xx_HAL_Driver/Src/stm32g4xx_hal_rcc.o
 .ARM.attributes
                0x0000027f       0x34 ./Drivers/STM32G4xx_HAL_Driver/Src/stm32g4xx_hal_rcc_ex.o
 .ARM.attributes
                0x000002b3       0x34 C:/ST/STM32CubeIDE_1.17.0/STM32CubeIDE/plugins/com.st.stm32cube.ide.mcu.externaltools.gnu-tools-for-stm32.12.3.rel1.win32_1.1.0.202410251130/tools/bin/../lib/gcc/arm-none-eabi/12.3.1/../../../../arm-none-eabi/lib/thumb/v7e-m+fp/hard\libc_nano.a(libc_a-memset.o)
 .ARM.attributes
                0x000002e7       0x34 C:/ST/STM32CubeIDE_1.17.0/STM32CubeIDE/plugins/com.st.stm32cube.ide.mcu.externaltools.gnu-tools-for-stm32.12.3.rel1.win32_1.1.0.202410251130/tools/bin/../lib/gcc/arm-none-eabi/12.3.1/../../../../arm-none-eabi/lib/thumb/v7e-m+fp/hard\libc_nano.a(libc_a-init.o)
 .ARM.attributes
                0x0000031b       0x22 C:/ST/STM32CubeIDE_1.17.0/STM32CubeIDE/plugins/com.st.stm32cube.ide.mcu.externaltools.gnu-tools-for-stm32.12.3.rel1.win32_1.1.0.202410251130/tools/bin/../lib/gcc/arm-none-eabi/12.3.1/thumb/v7e-m+fp/hard/crtn.o
OUTPUT(CanG474RE.elf elf32-littlearm)
LOAD linker stubs
LOAD C:/ST/STM32CubeIDE_1.17.0/STM32CubeIDE/plugins/com.st.stm32cube.ide.mcu.externaltools.gnu-tools-for-stm32.12.3.rel1.win32_1.1.0.202410251130/tools/bin/../lib/gcc/arm-none-eabi/12.3.1/../../../../arm-none-eabi/lib/thumb/v7e-m+fp/hard\libc.a
LOAD C:/ST/STM32CubeIDE_1.17.0/STM32CubeIDE/plugins/com.st.stm32cube.ide.mcu.externaltools.gnu-tools-for-stm32.12.3.rel1.win32_1.1.0.202410251130/tools/bin/../lib/gcc/arm-none-eabi/12.3.1/../../../../arm-none-eabi/lib/thumb/v7e-m+fp/hard\libm.a
LOAD C:/ST/STM32CubeIDE_1.17.0/STM32CubeIDE/plugins/com.st.stm32cube.ide.mcu.externaltools.gnu-tools-for-stm32.12.3.rel1.win32_1.1.0.202410251130/tools/bin/../lib/gcc/arm-none-eabi/12.3.1/thumb/v7e-m+fp/hard\libgcc.a

.debug_info     0x00000000     0x82d7
 .debug_info    0x00000000      0xd7d ./Core/Src/main.o
 .debug_info    0x00000d7d      0xe67 ./Core/Src/stm32g4xx_hal_msp.o
 .debug_info    0x00001be4      0x625 ./Core/Src/stm32g4xx_it.o
 .debug_info    0x00002209      0x58e ./Core/Src/system_stm32g4xx.o
 .debug_info    0x00002797       0x30 ./Core/Startup/startup_stm32g474retx.o
 .debug_info    0x000027c7      0xb95 ./Drivers/STM32G4xx_HAL_Driver/Src/stm32g4xx_hal.o
 .debug_info    0x0000335c      0xdf9 ./Drivers/STM32G4xx_HAL_Driver/Src/stm32g4xx_hal_cortex.o
 .debug_info    0x00004155     0x18bb ./Drivers/STM32G4xx_HAL_Driver/Src/stm32g4xx_hal_fdcan.o
 .debug_info    0x00005a10      0x763 ./Drivers/STM32G4xx_HAL_Driver/Src/stm32g4xx_hal_gpio.o
 .debug_info    0x00006173      0x93f ./Drivers/STM32G4xx_HAL_Driver/Src/stm32g4xx_hal_pwr_ex.o
 .debug_info    0x00006ab2      0xbe0 ./Drivers/STM32G4xx_HAL_Driver/Src/stm32g4xx_hal_rcc.o
 .debug_info    0x00007692      0xc45 ./Drivers/STM32G4xx_HAL_Driver/Src/stm32g4xx_hal_rcc_ex.o

.debug_abbrev   0x00000000     0x1723
 .debug_abbrev  0x00000000      0x23c ./Core/Src/main.o
 .debug_abbrev  0x0000023c      0x1c2 ./Core/Src/stm32g4xx_hal_msp.o
 .debug_abbrev  0x000003fe      0x15b ./Core/Src/stm32g4xx_it.o
 .debug_abbrev  0x00000559      0x11a ./Core/Src/system_stm32g4xx.o
 .debug_abbrev  0x00000673       0x24 ./Core/Startup/startup_stm32g474retx.o
 .debug_abbrev  0x00000697      0x271 ./Drivers/STM32G4xx_HAL_Driver/Src/stm32g4xx_hal.o
 .debug_abbrev  0x00000908      0x31c ./Drivers/STM32G4xx_HAL_Driver/Src/stm32g4xx_hal_cortex.o
 .debug_abbrev  0x00000c24      0x1e7 ./Drivers/STM32G4xx_HAL_Driver/Src/stm32g4xx_hal_fdcan.o
 .debug_abbrev  0x00000e0b      0x1cb ./Drivers/STM32G4xx_HAL_Driver/Src/stm32g4xx_hal_gpio.o
 .debug_abbrev  0x00000fd6      0x22c ./Drivers/STM32G4xx_HAL_Driver/Src/stm32g4xx_hal_pwr_ex.o
 .debug_abbrev  0x00001202      0x2c9 ./Drivers/STM32G4xx_HAL_Driver/Src/stm32g4xx_hal_rcc.o
 .debug_abbrev  0x000014cb      0x258 ./Drivers/STM32G4xx_HAL_Driver/Src/stm32g4xx_hal_rcc_ex.o

.debug_aranges  0x00000000      0x888
 .debug_aranges
                0x00000000       0x48 ./Core/Src/main.o
 .debug_aranges
                0x00000048       0x30 ./Core/Src/stm32g4xx_hal_msp.o
 .debug_aranges
                0x00000078       0x68 ./Core/Src/stm32g4xx_it.o
 .debug_aranges
                0x000000e0       0x28 ./Core/Src/system_stm32g4xx.o
 .debug_aranges
                0x00000108       0x28 ./Core/Startup/startup_stm32g474retx.o
 .debug_aranges
                0x00000130      0x148 ./Drivers/STM32G4xx_HAL_Driver/Src/stm32g4xx_hal.o
 .debug_aranges
                0x00000278      0x128 ./Drivers/STM32G4xx_HAL_Driver/Src/stm32g4xx_hal_cortex.o
 .debug_aranges
                0x000003a0      0x208 ./Drivers/STM32G4xx_HAL_Driver/Src/stm32g4xx_hal_fdcan.o
 .debug_aranges
                0x000005a8       0x58 ./Drivers/STM32G4xx_HAL_Driver/Src/stm32g4xx_hal_gpio.o
 .debug_aranges
                0x00000600      0x140 ./Drivers/STM32G4xx_HAL_Driver/Src/stm32g4xx_hal_pwr_ex.o
 .debug_aranges
                0x00000740       0x98 ./Drivers/STM32G4xx_HAL_Driver/Src/stm32g4xx_hal_rcc.o
 .debug_aranges
                0x000007d8       0xb0 ./Drivers/STM32G4xx_HAL_Driver/Src/stm32g4xx_hal_rcc_ex.o

.debug_rnglists
                0x00000000      0x653
 .debug_rnglists
                0x00000000       0x34 ./Core/Src/main.o
 .debug_rnglists
                0x00000034       0x20 ./Core/Src/stm32g4xx_hal_msp.o
 .debug_rnglists
                0x00000054       0x49 ./Core/Src/stm32g4xx_it.o
 .debug_rnglists
                0x0000009d       0x1a ./Core/Src/system_stm32g4xx.o
 .debug_rnglists
                0x000000b7       0x19 ./Core/Startup/startup_stm32g474retx.o
 .debug_rnglists
                0x000000d0       0xf1 ./Drivers/STM32G4xx_HAL_Driver/Src/stm32g4xx_hal.o
 .debug_rnglists
                0x000001c1       0xda ./Drivers/STM32G4xx_HAL_Driver/Src/stm32g4xx_hal_cortex.o
 .debug_rnglists
                0x0000029b      0x18d ./Drivers/STM32G4xx_HAL_Driver/Src/stm32g4xx_hal_fdcan.o
 .debug_rnglists
                0x00000428       0x3f ./Drivers/STM32G4xx_HAL_Driver/Src/stm32g4xx_hal_gpio.o
 .debug_rnglists
                0x00000467       0xf1 ./Drivers/STM32G4xx_HAL_Driver/Src/stm32g4xx_hal_pwr_ex.o
 .debug_rnglists
                0x00000558       0x74 ./Drivers/STM32G4xx_HAL_Driver/Src/stm32g4xx_hal_rcc.o
 .debug_rnglists
                0x000005cc       0x87 ./Drivers/STM32G4xx_HAL_Driver/Src/stm32g4xx_hal_rcc_ex.o

.debug_macro    0x00000000    0x23cf7
 .debug_macro   0x00000000      0x1ba ./Core/Src/main.o
 .debug_macro   0x000001ba      0xab4 ./Core/Src/main.o
 .debug_macro   0x00000c6e      0x155 ./Core/Src/main.o
 .debug_macro   0x00000dc3       0x2e ./Core/Src/main.o
 .debug_macro   0x00000df1       0x28 ./Core/Src/main.o
 .debug_macro   0x00000e19       0x22 ./Core/Src/main.o
 .debug_macro   0x00000e3b       0x8e ./Core/Src/main.o
 .debug_macro   0x00000ec9       0x51 ./Core/Src/main.o
 .debug_macro   0x00000f1a      0x103 ./Core/Src/main.o
 .debug_macro   0x0000101d       0x6a ./Core/Src/main.o
 .debug_macro   0x00001087      0x1df ./Core/Src/main.o
 .debug_macro   0x00001266       0x1c ./Core/Src/main.o
 .debug_macro   0x00001282       0x22 ./Core/Src/main.o
 .debug_macro   0x000012a4       0xfb ./Core/Src/main.o
 .debug_macro   0x0000139f     0x1011 ./Core/Src/main.o
 .debug_macro   0x000023b0      0x11f ./Core/Src/main.o
 .debug_macro   0x000024cf    0x18b8c ./Core/Src/main.o
 .debug_macro   0x0001b05b       0x6d ./Core/Src/main.o
 .debug_macro   0x0001b0c8     0x3558 ./Core/Src/main.o
 .debug_macro   0x0001e620      0x189 ./Core/Src/main.o
 .debug_macro   0x0001e7a9       0x5c ./Core/Src/main.o
 .debug_macro   0x0001e805     0x171f ./Core/Src/main.o
 .debug_macro   0x0001ff24      0x600 ./Core/Src/main.o
 .debug_macro   0x00020524      0x1b6 ./Core/Src/main.o
 .debug_macro   0x000206da      0x34a ./Core/Src/main.o
 .debug_macro   0x00020a24      0x53c ./Core/Src/main.o
 .debug_macro   0x00020f60      0x18b ./Core/Src/main.o
 .debug_macro   0x000210eb       0x43 ./Core/Src/main.o
 .debug_macro   0x0002112e      0x23d ./Core/Src/main.o
 .debug_macro   0x0002136b      0x211 ./Core/Src/main.o
 .debug_macro   0x0002157c      0x6bd ./Core/Src/main.o
 .debug_macro   0x00021c39      0x45c ./Core/Src/main.o
 .debug_macro   0x00022095      0x11c ./Core/Src/main.o
 .debug_macro   0x000221b1      0x122 ./Core/Src/main.o
 .debug_macro   0x000222d3      0x3d1 ./Core/Src/main.o
 .debug_macro   0x000226a4      0x358 ./Core/Src/main.o
 .debug_macro   0x000229fc      0x1ba ./Core/Src/stm32g4xx_hal_msp.o
 .debug_macro   0x00022bb6      0x1c4 ./Core/Src/stm32g4xx_it.o
 .debug_macro   0x00022d7a      0x1b0 ./Core/Src/system_stm32g4xx.o
 .debug_macro   0x00022f2a      0x1fe ./Drivers/STM32G4xx_HAL_Driver/Src/stm32g4xx_hal.o
 .debug_macro   0x00023128      0x1b0 ./Drivers/STM32G4xx_HAL_Driver/Src/stm32g4xx_hal_cortex.o
 .debug_macro   0x000232d8      0x2c2 ./Drivers/STM32G4xx_HAL_Driver/Src/stm32g4xx_hal_fdcan.o
 .debug_macro   0x0002359a      0x1b7 ./Drivers/STM32G4xx_HAL_Driver/Src/stm32g4xx_hal_gpio.o
 .debug_macro   0x00023751      0x1da ./Drivers/STM32G4xx_HAL_Driver/Src/stm32g4xx_hal_pwr_ex.o
 .debug_macro   0x0002392b      0x1f2 ./Drivers/STM32G4xx_HAL_Driver/Src/stm32g4xx_hal_rcc.o
 .debug_macro   0x00023b1d      0x1da ./Drivers/STM32G4xx_HAL_Driver/Src/stm32g4xx_hal_rcc_ex.o

.debug_line     0x00000000     0x8a76
 .debug_line    0x00000000      0x89e ./Core/Src/main.o
 .debug_line    0x0000089e      0x77b ./Core/Src/stm32g4xx_hal_msp.o
 .debug_line    0x00001019      0x7f1 ./Core/Src/stm32g4xx_it.o
 .debug_line    0x0000180a      0x783 ./Core/Src/system_stm32g4xx.o
 .debug_line    0x00001f8d       0x7b ./Core/Startup/startup_stm32g474retx.o
 .debug_line    0x00002008      0xb3f ./Drivers/STM32G4xx_HAL_Driver/Src/stm32g4xx_hal.o
 .debug_line    0x00002b47      0xcd2 ./Drivers/STM32G4xx_HAL_Driver/Src/stm32g4xx_hal_cortex.o
 .debug_line    0x00003819     0x1932 ./Drivers/STM32G4xx_HAL_Driver/Src/stm32g4xx_hal_fdcan.o
 .debug_line    0x0000514b      0xb58 ./Drivers/STM32G4xx_HAL_Driver/Src/stm32g4xx_hal_gpio.o
 .debug_line    0x00005ca3      0xcae ./Drivers/STM32G4xx_HAL_Driver/Src/stm32g4xx_hal_pwr_ex.o
 .debug_line    0x00006951      0xf0a ./Drivers/STM32G4xx_HAL_Driver/Src/stm32g4xx_hal_rcc.o
 .debug_line    0x0000785b     0x121b ./Drivers/STM32G4xx_HAL_Driver/Src/stm32g4xx_hal_rcc_ex.o

.debug_str      0x00000000    0xe4681
 .debug_str     0x00000000    0xe113c ./Core/Src/main.o
                              0xe143d (size before relaxing)
 .debug_str     0x000e113c      0x951 ./Core/Src/stm32g4xx_hal_msp.o
                              0xe19bc (size before relaxing)
 .debug_str     0x000e1a8d       0xf4 ./Core/Src/stm32g4xx_it.o
                              0xe0fe2 (size before relaxing)
 .debug_str     0x000e1b81       0xdb ./Core/Src/system_stm32g4xx.o
                              0xe0da8 (size before relaxing)
 .debug_str     0x000e1c5c       0x44 ./Core/Startup/startup_stm32g474retx.o
                                 0xb1 (size before relaxing)
 .debug_str     0x000e1ca0      0x5e3 ./Drivers/STM32G4xx_HAL_Driver/Src/stm32g4xx_hal.o
                              0xe1aba (size before relaxing)
 .debug_str     0x000e2283      0x366 ./Drivers/STM32G4xx_HAL_Driver/Src/stm32g4xx_hal_cortex.o
                              0xe1776 (size before relaxing)
 .debug_str     0x000e25e9     0x116d ./Drivers/STM32G4xx_HAL_Driver/Src/stm32g4xx_hal_fdcan.o
                              0xe2357 (size before relaxing)
 .debug_str     0x000e3756      0x164 ./Drivers/STM32G4xx_HAL_Driver/Src/stm32g4xx_hal_gpio.o
                              0xe0f33 (size before relaxing)
 .debug_str     0x000e38ba      0x4a5 ./Drivers/STM32G4xx_HAL_Driver/Src/stm32g4xx_hal_pwr_ex.o
                              0xe1296 (size before relaxing)
 .debug_str     0x000e3d5f      0x506 ./Drivers/STM32G4xx_HAL_Driver/Src/stm32g4xx_hal_rcc.o
                              0xe14c7 (size before relaxing)
 .debug_str     0x000e4265      0x41c ./Drivers/STM32G4xx_HAL_Driver/Src/stm32g4xx_hal_rcc_ex.o
                              0xe14f1 (size before relaxing)

.comment        0x00000000       0x43
 .comment       0x00000000       0x43 ./Core/Src/main.o
                                 0x44 (size before relaxing)
 .comment       0x00000043       0x44 ./Core/Src/stm32g4xx_hal_msp.o
 .comment       0x00000043       0x44 ./Core/Src/stm32g4xx_it.o
 .comment       0x00000043       0x44 ./Core/Src/system_stm32g4xx.o
 .comment       0x00000043       0x44 ./Drivers/STM32G4xx_HAL_Driver/Src/stm32g4xx_hal.o
 .comment       0x00000043       0x44 ./Drivers/STM32G4xx_HAL_Driver/Src/stm32g4xx_hal_cortex.o
 .comment       0x00000043       0x44 ./Drivers/STM32G4xx_HAL_Driver/Src/stm32g4xx_hal_fdcan.o
 .comment       0x00000043       0x44 ./Drivers/STM32G4xx_HAL_Driver/Src/stm32g4xx_hal_gpio.o
 .comment       0x00000043       0x44 ./Drivers/STM32G4xx_HAL_Driver/Src/stm32g4xx_hal_pwr_ex.o
 .comment       0x00000043       0x44 ./Drivers/STM32G4xx_HAL_Driver/Src/stm32g4xx_hal_rcc.o
 .comment       0x00000043       0x44 ./Drivers/STM32G4xx_HAL_Driver/Src/stm32g4xx_hal_rcc_ex.o

.debug_frame    0x00000000     0x21e4
 .debug_frame   0x00000000       0xd8 ./Core/Src/main.o
 .debug_frame   0x000000d8       0x80 ./Core/Src/stm32g4xx_hal_msp.o
 .debug_frame   0x00000158      0x120 ./Core/Src/stm32g4xx_it.o
 .debug_frame   0x00000278       0x58 ./Core/Src/system_stm32g4xx.o
 .debug_frame   0x000002d0      0x500 ./Drivers/STM32G4xx_HAL_Driver/Src/stm32g4xx_hal.o
 .debug_frame   0x000007d0      0x4e8 ./Drivers/STM32G4xx_HAL_Driver/Src/stm32g4xx_hal_cortex.o
 .debug_frame   0x00000cb8      0x9b0 ./Drivers/STM32G4xx_HAL_Driver/Src/stm32g4xx_hal_fdcan.o
 .debug_frame   0x00001668      0x14c ./Drivers/STM32G4xx_HAL_Driver/Src/stm32g4xx_hal_gpio.o
 .debug_frame   0x000017b4      0x4fc ./Drivers/STM32G4xx_HAL_Driver/Src/stm32g4xx_hal_pwr_ex.o
 .debug_frame   0x00001cb0      0x23c ./Drivers/STM32G4xx_HAL_Driver/Src/stm32g4xx_hal_rcc.o
 .debug_frame   0x00001eec      0x2ac ./Drivers/STM32G4xx_HAL_Driver/Src/stm32g4xx_hal_rcc_ex.o
 .debug_frame   0x00002198       0x20 C:/ST/STM32CubeIDE_1.17.0/STM32CubeIDE/plugins/com.st.stm32cube.ide.mcu.externaltools.gnu-tools-for-stm32.12.3.rel1.win32_1.1.0.202410251130/tools/bin/../lib/gcc/arm-none-eabi/12.3.1/../../../../arm-none-eabi/lib/thumb/v7e-m+fp/hard\libc_nano.a(libc_a-memset.o)
 .debug_frame   0x000021b8       0x2c C:/ST/STM32CubeIDE_1.17.0/STM32CubeIDE/plugins/com.st.stm32cube.ide.mcu.externaltools.gnu-tools-for-stm32.12.3.rel1.win32_1.1.0.202410251130/tools/bin/../lib/gcc/arm-none-eabi/12.3.1/../../../../arm-none-eabi/lib/thumb/v7e-m+fp/hard\libc_nano.a(libc_a-init.o)

.debug_line_str
                0x00000000       0x95
 .debug_line_str
                0x00000000       0x95 ./Core/Startup/startup_stm32g474retx.o
